Script started on 2023-07-21 16:53:51+05:30 [TERM="xterm-256color" TTY="/dev/pts/0" COLUMNS="80" LINES="24"]
]0;asifreak@asifreak: /media/asifreak/TOOLS/github/personal/repo_21july[01;32masifreak@asifreak[00m:[01;34m/media/asifreak/TOOLS/github/personal/repo_21july[00m$ git status
On branch main
Your branch is up to date with 'origin/main'.

Untracked files:
  (use "git add <file>..." to include in what will be committed)
	[31moutput.txt[m

nothing added to commit but untracked files present (use "git add" to track)
]0;asifreak@asifreak: /media/asifreak/TOOLS/github/personal/repo_21july[01;32masifreak@asifreak[00m:[01;34m/media/asifreak/TOOLS/github/personal/repo_21july[00m$ mkdir src
]0;asifreak@asifreak: /media/asifreak/TOOLS/github/personal/repo_21july[01;32masifreak@asifreak[00m:[01;34m/media/asifreak/TOOLS/github/personal/repo_21july[00m$ gtt[K[Kit add[K[K[K[K[K[K[Kls
[0m[01;32moutput.txt[0m  [01;32mREADME.md[0m  [34;42msrc[0m
]0;asifreak@asifreak: /media/asifreak/TOOLS/github/personal/repo_21july[01;32masifreak@asifreak[00m:[01;34m/media/asifreak/TOOLS/github/personal/repo_21july[00m$ cd src
]0;asifreak@asifreak: /media/asifreak/TOOLS/github/personal/repo_21july/src[01;32masifreak@asifreak[00m:[01;34m/media/asifreak/TOOLS/github/personal/repo_21july/src[00m$ ls
[0m[01;32madd.py[0m  [01;32mrish.py[0m
]0;asifreak@asifreak: /media/asifreak/TOOLS/github/personal/repo_21july/src[01;32masifreak@asifreak[00m:[01;34m/media/asifreak/TOOLS/github/personal/repo_21july/src[00m$ cd ..
]0;asifreak@asifreak: /media/asifreak/TOOLS/github/personal/repo_21july[01;32masifreak@asifreak[00m:[01;34m/media/asifreak/TOOLS/github/personal/repo_21july[00m$ ls
[0m[01;32moutput.txt[0m  [01;32mREADME.md[0m  [34;42msrc[0m
]0;asifreak@asifreak: /media/asifreak/TOOLS/github/personal/repo_21july[01;32masifreak@asifreak[00m:[01;34m/media/asifreak/TOOLS/github/personal/repo_21july[00m$ git add src [A[C[C[C[C[C[C[C[C[C[C[C[C[C[C[C[C[C[C[C[C[C[C[C[C[C[C[C[C[C[C[C[C[C[C[C[C[C[C[C[C[C[C[C[C[C[C[C[C[C[C[C[C[C[C[C[C[C[C[C[C[C[C[C[C[C[C[C[C[C[C[C[C[C[C[C[C[C[C[C[Kc
]0;asifreak@asifreak: /media/asifreak/TOOLS/github/personal/repo_21july[01;32masifreak@asifreak[00m:[01;34m/media/asifreak/TOOLS/github/personal/repo_21july[00m$ git status
On branch main
Your branch is up to date with 'origin/main'.

Changes to be committed:
  (use "git restore --staged <file>..." to unstage)
	[32mnew file:   src/add.py[m
	[32mnew file:   src/rish.py[m

Untracked files:
  (use "git add <file>..." to include in what will be committed)
	[31moutput.txt[m

]0;asifreak@asifreak: /media/asifreak/TOOLS/github/personal/repo_21july[01;32masifreak@asifreak[00m:[01;34m/media/asifreak/TOOLS/github/personal/repo_21july[00m$ git commi [Kt  -m ""a"d"d"i"n"g" "t"w"o" "p"y"t"h"o"n"="[1P"[1P"[1P"[1P"[1P"[1P"[1P"[1P"[1P"[1P"[1P"[1P"_"t"w"o"_"p"y"t"[1P"[1P"u"[1P"y"_"f"i"l"e"s"[1Pfiles" files"[C[1P[1@ [1P[1@ [C[C[C[C[C[C[C[C[C[C[C[C[C
[main 9e423e6] adding two py files
 2 files changed, 4 insertions(+)
 create mode 100644 src/add.py
 create mode 100644 src/rish.py
]0;asifreak@asifreak: /media/asifreak/TOOLS/github/personal/repo_21july[01;32masifreak@asifreak[00m:[01;34m/media/asifreak/TOOLS/github/personal/repo_21july[00m$ git diff
[?1h=[1mdiff --git a/src/add.py b/src/add.py[m[m
[1mindex aff5494..cf2003d 100644[m[m
[1m--- a/src/add.py[m[m
[1m+++ b/src/add.py[m[m
[36m@@ -1,3 +1,3 @@[m[m
[31m-a = 3[m[m
[31m-b = 5[m[m
[32m+[m[32ma = 10[m[m
[32m+[m[32mb = 15[m[m
 print(a+b)[m[m
\ No newline at end of file[m[m
[K[?1l>]0;asifreak@asifreak: /media/asifreak/TOOLS/github/personal/repo_21july[01;32masifreak@asifreak[00m:[01;34m/media/asifreak/TOOLS/github/personal/repo_21july[00m$ git status
On branch main
Your branch is ahead of 'origin/main' by 1 commit.
  (use "git push" to publish your local commits)

Changes not staged for commit:
  (use "git add <file>..." to update what will be committed)
  (use "git restore <file>..." to discard changes in working directory)
	[31mmodified:   src/add.py[m

Untracked files:
  (use "git add <file>..." to include in what will be committed)
	[31moutput.txt[m

no changes added to commit (use "git add" and/or "git commit -a")
]0;asifreak@asifreak: /media/asifreak/TOOLS/github/personal/repo_21july[01;32masifreak@asifreak[00m:[01;34m/media/asifreak/TOOLS/github/personal/repo_21july[00m$ gir[Kt add .
]0;asifreak@asifreak: /media/asifreak/TOOLS/github/personal/repo_21july[01;32masifreak@asifreak[00m:[01;34m/media/asifreak/TOOLS/github/personal/repo_21july[00m$ s[Kgit add .status
On branch main
Your branch is ahead of 'origin/main' by 1 commit.
  (use "git push" to publish your local commits)

Changes to be committed:
  (use "git restore --staged <file>..." to unstage)
	[32mnew file:   output.txt[m
	[32mmodified:   src/add.py[m

]0;asifreak@asifreak: /media/asifreak/TOOLS/github/personal/repo_21july[01;32masifreak@asifreak[00m:[01;34m/media/asifreak/TOOLS/github/personal/repo_21july[00m$ git diff
[?1h=[K[?1l>]0;asifreak@asifreak: /media/asifreak/TOOLS/github/personal/repo_21july[01;32masifreak@asifreak[00m:[01;34m/media/asifreak/TOOLS/github/personal/repo_21july[00m$ git diff -- staged
[?1h=[1mdiff --git a/output.txt b/output.txt[m[m
[1mnew file mode 100644[m[m
[1mindex 0000000..299554b[m[m
[1m--- /dev/null[m[m
[1m+++ b/output.txt[m[m
[36m@@ -0,0 +1,51 @@[m[m
[32m+[m[32mScript started on 2023-07-21 16:53:51+05:30 [TERM="xterm-256color" TTY="/dev/pt[m [32m[m[32ms/0" COLUMNS="80" LINES="24"][m[m
[32m+[m[32m0;asifreak@asifreak: /media/asifreak/TOOLS/github/personal/repo_21july[7m^G[27m[01;32masifrea[m [32m[m[32m[01;32mk@asifreak[00m:[01;34m/media/asifreak/TOOLS/github/personal/repo_21july[00m$ git status[m[41m[7m^M[27m[m[m
[32m+[m[32mOn branch main[m[41m[7m^M[27m[m[m
[32m+[m[32mYour branch is up to date with 'origin/main'.[m[41m[7m^M[27m[m[m
[32m+[m[41m[7m^M[27m[m[m
[32m+[m[32mUntracked files:[m[41m[7m^M[27m[m[m
[32m+[m[32m  (use "git add <file>..." to include in what will be committed)[m[41m[7m^M[27m[m[m
[32m+[m       [32m[31moutput.txt[m[m[41m[7m^M[27m[m[m
[32m+[m[41m[7m^M[27m[m[m
[32m+[m[32mnothing added to commit but untracked files present (use "git add" to track)[m[41m[7m^M[27m[m[m
[32m+[m[32m0;asifreak@asifreak: /media/asifreak/TOOLS/github/personal/repo_21july[7m^G[27m[01;32masifrea[m [32m[m[32m[01;32mk@asifreak[00m:[01;34m/media/asifreak/TOOLS/github/personal/repo_21july[00m$ mkdir src[m[41m[7m^M[27m[m[m
[32m+[m[32m0;asifreak@asifreak: /media/asifreak/TOOLS/github/personal/repo_21july[7m^G[27m[01;32masifrea[m [32m[m[32m[01;32mk@asifreak[00m:[01;34m/media/asifreak/TOOLS/github/personal/repo_21july[00m$ [7m^G^G^G^G^G^G[27mls[m[41m[7m^M[27m[m[m
[32m+[m[32m[0m[01;32moutput.txt[0m  [01;32mREADME.md[0m  [34;42msrc[0m[m[41m[7m^M[27m[m[m
:[K...skipping...
[1mdiff --git a/output.txt b/output.txt[m[m
[1mnew file mode 100644[m[m
[1mindex 0000000..299554b[m[m
[1m--- /dev/null[m[m
[1m+++ b/output.txt[m[m
[36m@@ -0,0 +1,51 @@[m[m
[32m+[m[32mScript started on 2023-07-21 16:53:51+05:30 [TERM="xterm-256color" TTY="/dev/pts/0" COLUMNS="80" LINES="24"][m[m
[32m+[m[32m0;asifreak@asifreak: /media/asifreak/TOOLS/github/personal/repo_21july[7m^G[27m[01;32masifreak@asifreak[00m:[01;34m/media/asifreak/TOOLS/github/personal/rep[m [32m[m[32m[01;32m[00m[01;34mo_21july[00m$ git status[m[41m[7m^M[27m[m[m
[32m+[m[32mOn branch main[m[41m[7m^M[27m[m[m
[32m+[m[32mYour branch is up to date with 'origin/main'.[m[41m[7m^M[27m[m[m
[32m+[m[41m[7m^M[27m[m[m
[32m+[m[32mUntracked files:[m[41m[7m^M[27m[m[m
[32m+[m[32m  (use "git add <file>..." to include in what will be committed)[m[41m[7m^M[27m[m[m
[32m+[m       [32m[31moutput.txt[m[m[41m[7m^M[27m[m[m
[32m+[m[41m[7m^M[27m[m[m
[32m+[m[32mnothing added to commit but untracked files present (use "git add" to track)[m[41m[7m^M[27m[m[m
[32m+[m[32m0;asifreak@asifreak: /media/asifreak/TOOLS/github/personal/repo_21july[7m^G[27m[01;32masifreak@asifreak[00m:[01;34m/media/asifreak/TOOLS/github/personal/rep[m [32m[m[32m[01;32m[00m[01;34mo_21july[00m$ mkdir src[m[41m[7m^M[27m[m[m
[32m+[m[32m0;asifreak@asifreak: /media/asifreak/TOOLS/github/personal/repo_21july[7m^G[27m[01;32masifreak@asifreak[00m:[01;34m/media/asifreak/TOOLS/github/personal/rep[m [32m[m[32m[01;32m[00m[01;34mo_21july[00m$ [7m^G^G^G^G^G^G[27mls[m[41m[7m^M[27m[m[m
[32m+[m[32m[0m[01;32moutput.txt[0m  [01;32mREADME.md[0m  [34;42msrc[0m[m[41m[7m^M[27m[m[m
[32m+[m[32m0;asifreak@asifreak: /media/asifreak/TOOLS/github/personal/repo_21july[7m^G[27m[01;32masifreak@asifreak[00m:[01;34m/media/asifreak/TOOLS/github/personal/rep[m [32m[m[32m[01;32m[00m[01;34mo_21july[00m$ cd src[m[41m[7m^M[27m[m[m
[32m+[m[32m0;asifreak@asifreak: /media/asifreak/TOOLS/github/personal/repo_21july/src[7m^G[27m[01;32masifreak@asifreak[00m:[01;34m/media/asifreak/TOOLS/github/personal[m [32m[m[32m[01;32m[00m[01;34m/repo_21july/src[00m$ ls[m[41m[7m^M[27m[m[m
[32m+[m[32m[0m[01;32madd.py[0m  [01;32mrish.py[0m[m[41m[7m^M[27m[m[m
[32m+[m[32m0;asifreak@asifreak: /media/asifreak/TOOLS/github/personal/repo_21july/src[7m^G[27m[01;32masifreak@asifreak[00m:[01;34m/media/asifreak/TOOLS/github/personal[m [32m[m[32m[01;32m[00m[01;34m/repo_21july/src[00m$ cd ..[m[41m[7m^M[27m[m[m
[32m+[m[32m0;asifreak@asifreak: /media/asifreak/TOOLS/github/personal/repo_21july[7m^G[27m[01;32masifreak@asifreak[00m:[01;34m/media/asifreak/TOOLS/github/personal/rep[m [32m[m[32m[01;32m[00m[01;34mo_21july[00m$ ls[m[41m[7m^M[27m[m[m
[32m+[m[32m[0m[01;32moutput.txt[0m  [01;32mREADME.md[0m  [34;42msrc[0m[m[41m[7m^M[27m[m[m
[32m+[m[32m0;asifreak@asifreak: /media/asifreak/TOOLS/github/personal/repo_21july[7m^G[27m[01;32masifreak@asifreak[00m:[01;34m/media/asifreak/TOOLS/github/personal/rep[m [32m[m[32m[01;32m[00m[01;34mo_21july[00m$ git add src [7m^M[27mc[m[41m[7m^M[27m[m[m
[32m+[m[32m0;asifreak@asifreak: /media/asifreak/TOOLS/github/personal/repo_21july[7m^G[27m[01;32masifreak@asifreak[00m:[01;34m/media/asifreak/TOOLS/github/personal/rep[m [32m[m[32m[01;32m[00m[01;34mo_21july[00m$ git status[m[41m[7m^M[27m[m[m
[32m+[m[32mOn branch main[m[41m[7m^M[27m[m[m
[32m+[m[32mYour branch is up to date with 'origin/main'.[m[41m[7m^M[27m[m[m
[32m+[m[41m[7m^M[27m[m[m
[32m+[m[32mChanges to be committed:[m[41m[7m^M[27m[m[m
[32m+[m[32m  (use "git restore --staged <file>..." to unstage)[m[41m[7m^M[27m[m[m
[32m+[m       [32m[32mnew file:   src/add.py[m[m[41m[7m^M[27m[m[m
:[K[H[2J[H[H[2J[H[1mdiff --git a/output.txt b/output.txt[m[m
[1mnew file mode 100644[m[m
[1mindex 0000000..299554b[m[m
[1m--- /dev/null[m[m
[1m+++ b/output.txt[m[m
[36m@@ -0,0 +1,51 @@[m[m
[32m+[m[32mScript started on 2023-07-21 16:53:51+05:30 [TERM="xterm-256color" TTY="/dev/pts/0" COLUMNS="80" LINES="24"][m[m
[32m+[m[32m0;asifreak@asifreak: /media/asifreak/TOOLS/github/personal/repo_21july[7m^G[27m[01;32masifreak@asifreak[00m:[01;34m/media/asifreak/TOOLS/github/personal/rep[m [32m[m[32m[01;32m[00m[01;34mo_21july[00m$ git status[m[41m[7m^M[27m[m[m
[32m+[m[32mOn branch main[m[41m[7m^M[27m[m[m
[32m+[m[32mYour branch is up to date with 'origin/main'.[m[41m[7m^M[27m[m[m
[32m+[m[41m[7m^M[27m[m[m
[32m+[m[32mUntracked files:[m[41m[7m^M[27m[m[m
[32m+[m[32m  (use "git add <file>..." to include in what will be committed)[m[41m[7m^M[27m[m[m
[32m+[m       [32m[31moutput.txt[m[m[41m[7m^M[27m[m[m
[32m+[m[41m[7m^M[27m[m[m
[32m+[m[32mnothing added to commit but untracked files present (use "git add" to track)[m[41m[7m^M[27m[m[m
[32m+[m[32m0;asifreak@asifreak: /media/asifreak/TOOLS/github/personal/repo_21july[7m^G[27m[01;32masifreak@asifreak[00m:[01;34m/media/asifreak/TOOLS/github/personal/rep[m [32m[m[32m[01;32m[00m[01;34mo_21july[00m$ mkdir src[m[41m[7m^M[27m[m[m
[32m+[m[32m0;asifreak@asifreak: /media/asifreak/TOOLS/github/personal/repo_21july[7m^G[27m[01;32masifreak@asifreak[00m:[01;34m/media/asifreak/TOOLS/github/personal/rep[m [32m[m[32m[01;32m[00m[01;34mo_21july[00m$ [7m^G^G^G^G^G^G[27mls[m[41m[7m^M[27m[m[m
[32m+[m[32m[0m[01;32moutput.txt[0m  [01;32mREADME.md[0m  [34;42msrc[0m[m[41m[7m^M[27m[m[m
[32m+[m[32m0;asifreak@asifreak: /media/asifreak/TOOLS/github/personal/repo_21july[7m^G[27m[01;32masifreak@asifreak[00m:[01;34m/media/asifreak/TOOLS/github/personal/rep[m [32m[m[32m[01;32m[00m[01;34mo_21july[00m$ cd src[m[41m[7m^M[27m[m[m
[32m+[m[32m0;asifreak@asifreak: /media/asifreak/TOOLS/github/personal/repo_21july/src[7m^G[27m[01;32masifreak@asifreak[00m:[01;34m/media/asifreak/TOOLS/github/personal[m [32m[m[32m[01;32m[00m[01;34m/repo_21july/src[00m$ ls[m[41m[7m^M[27m[m[m
[32m+[m[32m[0m[01;32madd.py[0m  [01;32mrish.py[0m[m[41m[7m^M[27m[m[m
[32m+[m[32m0;asifreak@asifreak: /media/asifreak/TOOLS/github/personal/repo_21july/src[7m^G[27m[01;32masifreak@asifreak[00m:[01;34m/media/asifreak/TOOLS/github/personal[m [32m[m[32m[01;32m[00m[01;34m/repo_21july/src[00m$ cd ..[m[41m[7m^M[27m[m[m
[32m+[m[32m0;asifreak@asifreak: /media/asifreak/TOOLS/github/personal/repo_21july[7m^G[27m[01;32masifreak@asifreak[00m:[01;34m/media/asifreak/TOOLS/github/personal/rep[m [32m[m[32m[01;32m[00m[01;34mo_21july[00m$ ls[m[41m[7m^M[27m[m[m
[32m+[m[32m[0m[01;32moutput.txt[0m  [01;32mREADME.md[0m  [34;42msrc[0m[m[41m[7m^M[27m[m[m
[32m+[m[32m0;asifreak@asifreak: /media/asifreak/TOOLS/github/personal/repo_21july[7m^G[27m[01;32masifreak@asifreak[00m:[01;34m/media/asifreak/TOOLS/github/personal/rep[m [32m[m[32m[01;32m[00m[01;34mo_21july[00m$ git add src [7m^M[27mc[m[41m[7m^M[27m[m[m
[32m+[m[32m0;asifreak@asifreak: /media/asifreak/TOOLS/github/personal/repo_21july[7m^G[27m[01;32masifreak@asifreak[00m:[01;34m/media/asifreak/TOOLS/github/personal/rep[m [32m[m[32m[01;32m[00m[01;34mo_21july[00m$ git status[m[41m[7m^M[27m[m[m
[32m+[m[32mOn branch main[m[41m[7m^M[27m[m[m
:[K[H[2J[H[H[2J[H[1mdiff --git a/output.txt b/output.txt[m[m
[1mnew file mode 100644[m[m
[1mindex 0000000..299554b[m[m
[1m--- /dev/null[m[m
[1m+++ b/output.txt[m[m
[36m@@ -0,0 +1,51 @@[m[m
[32m+[m[32mScript started on 2023-07-21 16:53:51+05:30 [TERM="xterm-256color" TTY="/dev/pt[m [32m[m[32ms/0" COLUMNS="80" LINES="24"][m[m
[32m+[m[32m0;asifreak@asifreak: /media/asifreak/TOOLS/github/personal/repo_21july[7m^G[27m[01;32masifrea[m [32m[m[32m[01;32mk@asifreak[00m:[01;34m/media/asifreak/TOOLS/github/personal/repo_21july[00m$ git status[m[41m[7m^M[27m[m[m
[32m+[m[32mOn branch main[m[41m[7m^M[27m[m[m
[32m+[m[32mYour branch is up to date with 'origin/main'.[m[41m[7m^M[27m[m[m
[32m+[m[41m[7m^M[27m[m[m
[32m+[m[32mUntracked files:[m[41m[7m^M[27m[m[m
[32m+[m[32m  (use "git add <file>..." to include in what will be committed)[m[41m[7m^M[27m[m[m
[32m+[m       [32m[31moutput.txt[m[m[41m[7m^M[27m[m[m
[32m+[m[41m[7m^M[27m[m[m
[32m+[m[32mnothing added to commit but untracked files present (use "git add" to track)[m[41m[7m^M[27m[m[m
[32m+[m[32m0;asifreak@asifreak: /media/asifreak/TOOLS/github/personal/repo_21july[7m^G[27m[01;32masifrea[m [32m[m[32m[01;32mk@asifreak[00m:[01;34m/media/asifreak/TOOLS/github/personal/repo_21july[00m$ mkdir src[m[41m[7m^M[27m[m[m
[32m+[m[32m0;asifreak@asifreak: /media/asifreak/TOOLS/github/personal/repo_21july[7m^G[27m[01;32masifrea[m [32m[m[32m[01;32mk@asifreak[00m:[01;34m/media/asifreak/TOOLS/github/personal/repo_21july[00m$ [7m^G^G^G^G^G^G[27mls[m[41m[7m^M[27m[m[m
[32m+[m[32m[0m[01;32moutput.txt[0m  [01;32mREADME.md[0m  [34;42msrc[0m[m[41m[7m^M[27m[m[m
:[K[K[32m+[m[32m0;asifreak@asifreak: /media/asifreak/TOOLS/github/personal/repo_21july[7m^G[27m[01;32masifrea[m :[K[K[32m[m[32m[01;32mk@asifreak[00m:[01;34m/media/asifreak/TOOLS/github/personal/repo_21july[00m$ cd src[m[41m[7m^M[27m[m[m
:[K[K[32m+[m[32m0;asifreak@asifreak: /media/asifreak/TOOLS/github/personal/repo_21july/src[7m^G[27m[01;32masi[m :[K[K[32m[m[32m[01;32mfreak@asifreak[00m:[01;34m/media/asifreak/TOOLS/github/personal/repo_21july/src[00m$ ls[m[41m[7m^M[27m[m[m
:[K[K[32m+[m[32m[0m[01;32madd.py[0m  [01;32mrish.py[0m[m[41m[7m^M[27m[m[m
:[K[K:[K[K[32m+[m[32m0;asifreak@asifreak: /media/asifreak/TOOLS/github/personal/repo_21july/src[7m^G[27m[01;32masi[m :[K[K [KESCESC[K[[[KAA[K:[K[K [KESCESC[K[[[KBB[K:[K[K [KESCESC[K[[[KBB[K:[K[K [KESCESC[K[[[KBB[K:[K[K [KESCESC[K[[[KBB[K:[K[K [KESCESC[K[[[KBB[K:[K[K [KESCESC[K[[[KBB[K:[K[K [KESCESC[K[[[KBB[K:[K[K [KESCESC[K[[[KBB[K:[K[K [KESCESC[K[[[KBB[K:[K[K [KESCESC[K[[[KBB[K:[K[K [KESCESC[K[[[KBB[K:[K[K [KESCESC[K[[[KBB[K:[K[K [KESCESC[K[[[KAA[K:[K[K [KESCESC[K[[[KAA[K:[K[K [KESCESC[K[[[KAA[K:[K[K [KESCESC[K[[[KAA[K:[K[K [KESCESC[K[[[KAA[K:[K[K [KESCESC[K[[[KDD[K:[K[K [KESCESC[K[[[KDD[K:[K[K [KESCESC[K[[[KDD[K:[K[K [KESCESC[K[[[KCC[K:[K[K [KESCESC[K[[[KCC[K:[K[K [KESCESC[K[[[KCC[K:[K[K [KESCESC[K[[[KCC[K:[K[K [KESCESC[K[[[KCC[K:[K[K [K^X^X[K^J^J[K:[K[Kset mark: ...skipping...
[32m+[m[32mScript started on 2023-07-21 16:53:51+05:30 [TERM="xterm-256color" TTY="/dev/pt[m [32m[m[32ms/0" COLUMNS="80" LINES="24"][m[m
[32m+[m[32m0;asifreak@asifreak: /media/asifreak/TOOLS/github/personal/repo_21july[7m^G[27m[01;32masifrea[m [32m[m[32m[01;32mk@asifreak[00m:[01;34m/media/asifreak/TOOLS/github/personal/repo_21july[00m$ git status[m[41m[7m^M[27m[m[m
[32m+[m[32mOn branch main[m[41m[7m^M[27m[m[m
[32m+[m[32mYour branch is up to date with 'origin/main'.[m[41m[7m^M[27m[m[m
[32m+[m[41m[7m^M[27m[m[m
[32m+[m[32mUntracked files:[m[41m[7m^M[27m[m[m
[32m+[m[32m  (use "git add <file>..." to include in what will be committed)[m[41m[7m^M[27m[m[m
[32m+[m       [32m[31moutput.txt[m[m[41m[7m^M[27m[m[m
[32m+[m[41m[7m^M[27m[m[m
[32m+[m[32mnothing added to commit but untracked files present (use "git add" to track)[m[41m[7m^M[27m[m[m
[32m+[m[32m0;asifreak@asifreak: /media/asifreak/TOOLS/github/personal/repo_21july[7m^G[27m[01;32masifrea[m [32m[m[32m[01;32mk@asifreak[00m:[01;34m/media/asifreak/TOOLS/github/personal/repo_21july[00m$ mkdir src[m[41m[7m^M[27m[m[m
[32m+[m[32m0;asifreak@asifreak: /media/asifreak/TOOLS/github/personal/repo_21july[7m^G[27m[01;32masifrea[m [32m[m[32m[01;32mk@asifreak[00m:[01;34m/media/asifreak/TOOLS/github/personal/repo_21july[00m$ [7m^G^G^G^G^G^G[27mls[m[41m[7m^M[27m[m[m
[32m+[m[32m[0m[01;32moutput.txt[0m  [01;32mREADME.md[0m  [34;42msrc[0m[m[41m[7m^M[27m[m[m
[32m+[m[32m0;asifreak@asifreak: /media/asifreak/TOOLS/github/personal/repo_21july[7m^G[27m[01;32masifrea[m [32m[m[32m[01;32mk@asifreak[00m:[01;34m/media/asifreak/TOOLS/github/personal/repo_21july[00m$ cd src[m[41m[7m^M[27m[m[m
[32m+[m[32m0;asifreak@asifreak: /media/asifreak/TOOLS/github/personal/repo_21july/src[7m^G[27m[01;32masi[m [32m[m[32m[01;32mfreak@asifreak[00m:[01;34m/media/asifreak/TOOLS/github/personal/repo_21july/src[00m$ ls[m[41m[7m^M[27m[m[m
[32m+[m[32m[0m[01;32madd.py[0m  [01;32mrish.py[0m[m[41m[7m^M[27m[m[m
[32m+[m[32m0;asifreak@asifreak: /media/asifreak/TOOLS/github/personal/repo_21july/src[7m^G[27m[01;32masi[m :[K[Kset mark: ...skipping...
[32m+[m[32mScript started on 2023-07-21 16:53:51+05:30 [TERM="xterm-256color" TTY="/dev/pt[m [32m[m[32ms/0" COLUMNS="80" LINES="24"][m[m
[32m+[m[32m0;asifreak@asifreak: /media/asifreak/TOOLS/github/personal/repo_21july[7m^G[27m[01;32masifrea[m [32m[m[32m[01;32mk@asifreak[00m:[01;34m/media/asifreak/TOOLS/github/personal/repo_21july[00m$ git status[m[41m[7m^M[27m[m[m
[32m+[m[32mOn branch main[m[41m[7m^M[27m[m[m
[32m+[m[32mYour branch is up to date with 'origin/main'.[m[41m[7m^M[27m[m[m
[32m+[m[41m[7m^M[27m[m[m
[32m+[m[32mUntracked files:[m[41m[7m^M[27m[m[m
[32m+[m[32m  (use "git add <file>..." to include in what will be committed)[m[41m[7m^M[27m[m[m
[32m+[m       [32m[31moutput.txt[m[m[41m[7m^M[27m[m[m
[32m+[m[41m[7m^M[27m[m[m
[32m+[m[32mnothing added to commit but untracked files present (use "git add" to track)[m[41m[7m^M[27m[m[m
[32m+[m[32m0;asifreak@asifreak: /media/asifreak/TOOLS/github/personal/repo_21july[7m^G[27m[01;32masifrea[m [32m[m[32m[01;32mk@asifreak[00m:[01;34m/media/asifreak/TOOLS/github/personal/repo_21july[00m$ mkdir src[m[41m[7m^M[27m[m[m
[32m+[m[32m0;asifreak@asifreak: /media/asifreak/TOOLS/github/personal/repo_21july[7m^G[27m[01;32masifrea[m [32m[m[32m[01;32mk@asifreak[00m:[01;34m/media/asifreak/TOOLS/github/personal/repo_21july[00m$ [7m^G^G^G^G^G^G[27mls[m[41m[7m^M[27m[m[m
[32m+[m[32m[0m[01;32moutput.txt[0m  [01;32mREADME.md[0m  [34;42msrc[0m[m[41m[7m^M[27m[m[m
[32m+[m[32m0;asifreak@asifreak: /media/asifreak/TOOLS/github/personal/repo_21july[7m^G[27m[01;32masifrea[m [32m[m[32m[01;32mk@asifreak[00m:[01;34m/media/asifreak/TOOLS/github/personal/repo_21july[00m$ cd src[m[41m[7m^M[27m[m[m
[32m+[m[32m0;asifreak@asifreak: /media/asifreak/TOOLS/github/personal/repo_21july/src[7m^G[27m[01;32masi[m [32m[m[32m[01;32mfreak@asifreak[00m:[01;34m/media/asifreak/TOOLS/github/personal/repo_21july/src[00m$ ls[m[41m[7m^M[27m[m[m
[32m+[m[32m[0m[01;32madd.py[0m  [01;32mrish.py[0m[m[41m[7m^M[27m[m[m
[32m+[m[32m0;asifreak@asifreak: /media/asifreak/TOOLS/github/personal/repo_21july/src[7m^G[27m[01;32masi[m :[K[K:[K[K:[K[K:[K[K[32m[m[32m[01;32mfreak@asifreak[00m:[01;34m/media/asifreak/TOOLS/github/personal/repo_21july/src[00m$ cd ..[m[41m[7m^M[27m[m[m
[32m+[m[32m0;asifreak@asifreak: /media/asifreak/TOOLS/github/personal/repo_21july[7m^G[27m[01;32masifrea[m [32m[m[32m[01;32mk@asifreak[00m:[01;34m/media/asifreak/TOOLS/github/personal/repo_21july[00m$ ls[m[41m[7m^M[27m[m[m
[32m+[m[32m[0m[01;32moutput.txt[0m  [01;32mREADME.md[0m  [34;42msrc[0m[m[41m[7m^M[27m[m[m
[32m+[m[32m0;asifreak@asifreak: /media/asifreak/TOOLS/github/personal/repo_21july[7m^G[27m[01;32masifrea[m [32m[m[32m[01;32mk@asifreak[00m:[01;34m/media/asifreak/TOOLS/github/personal/repo_21july[00m$ git add src [7m^M[27mc[m[41m[7m^M[27m[m[m
[32m+[m[32m0;asifreak@asifreak: /media/asifreak/TOOLS/github/personal/repo_21july[7m^G[27m[01;32masifrea[m [32m[m[32m[01;32mk@asifreak[00m:[01;34m/media/asifreak/TOOLS/github/personal/repo_21july[00m$ git status[m[41m[7m^M[27m[m[m
[32m+[m[32mOn branch main[m[41m[7m^M[27m[m[m
[32m+[m[32mYour branch is up to date with 'origin/main'.[m[41m[7m^M[27m[m[m
[32m+[m[41m[7m^M[27m[m[m
[32m+[m[32mChanges to be committed:[m[41m[7m^M[27m[m[m
[32m+[m[32m  (use "git restore --staged <file>..." to unstage)[m[41m[7m^M[27m[m[m
[32m+[m       [32m[32mnew file:   src/add.py[m[m[41m[7m^M[27m[m[m
[32m+[m       [32m[32mnew file:   src/rish.py[m[m[41m[7m^M[27m[m[m
[32m+[m[41m[7m^M[27m[m[m
[32m+[m[32mUntracked files:[m[41m[7m^M[27m[m[m
[32m+[m[32m  (use "git add <file>..." to include in what will be committed)[m[41m[7m^M[27m[m[m
[32m+[m       [32m[31moutput.txt[m[m[41m[7m^M[27m[m[m
[32m+[m[41m[7m^M[27m[m[m
[32m+[m[32m0;asifreak@asifreak: /media/asifreak/TOOLS/github/personal/repo_21july[7m^G[27m[01;32masifrea[m [32m[m[32m[01;32mk@asifreak[00m:[01;34m/media/asifreak/TOOLS/github/personal/repo_21july[00m$ git commit  [7m^M[27m-m "[m [32m[m[32m[01;32m[00m[01;34m[00maddin [7m^G^G^G^G^G[27m[m[41m[7m^M[27m[m[m
:[K[K:[K[K:[K[K:[K[K [K^X^X[K^?^?[K:[K[K[?1l>
]0;asifreak@asifreak: /media/asifreak/TOOLS/github/personal/repo_21july[01;32masifreak@asifreak[00m:[01;34m/media/asifreak/TOOLS/github/personal/repo_21july[00m$ clear
[H[2J[3J]0;asifreak@asifreak: /media/asifreak/TOOLS/github/personal/repo_21july[01;32masifreak@asifreak[00m:[01;34m/media/asifreak/TOOLS/github/personal/repo_21july[00m$ git status
On branch main
Your branch is ahead of 'origin/main' by 1 commit.
  (use "git push" to publish your local commits)

Changes to be committed:
  (use "git restore --staged <file>..." to unstage)
	[32mnew file:   output.txt[m
	[32mmodified:   src/add.py[m

Changes not staged for commit:
  (use "git add <file>..." to update what will be committed)
  (use "git restore <file>..." to discard changes in working directory)
	[31mmodified:   output.txt[m

]0;asifreak@asifreak: /media/asifreak/TOOLS/github/personal/repo_21july[01;32masifreak@asifreak[00m:[01;34m/media/asifreak/TOOLS/github/personal/repo_21july[00m$ git diff
[?1h=[1mdiff --git a/output.txt b/output.txt[m[m
[1mindex 299554b..8c976a2 100644[m[m
[1m--- a/output.txt[m[m
[1m+++ b/output.txt[m[m
[36m@@ -48,4 +48,177 @@[m [mUntracked files:[m[m
 [32m+[m[32mb = 15[m[m[m[m
  print(a+b)[m[m[m[m
 \ No newline at end of file[m[m[m[m
[31m-[7m^M[27m0;asifreak@asifreak: /media/asifreak/TOOLS/github/personal/repo_21july[7m^G[27m[01;32masifr[m [31m[01;32meak@asifreak[00m:[01;34m/media/asifreak/TOOLS/github/personal/repo_21july[00m$ git[m[m
\ No newline at end of file[m[m
[32m+[m[32m[7m^M[27m0;asifreak@asifreak: /media/asifreak/TOOLS/github/personal/repo_21july[7m^G[27m[01;32masifr[m [32m[m[32m[01;32meak@asifreak[00m:[01;34m/media/asifreak/TOOLS/github/personal/repo_21july[00m$ git status[m[41m[7m^M[27m[m[m
[32m+[m[32mOn branch main[m[41m[7m^M[27m[m[m
[32m+[m[32mYour branch is ahead of 'origin/main' by 1 commit.[m[41m[7m^M[27m[m[m
[32m+[m[32m  (use "git push" to publish your local commits)[m[41m[7m^M[27m[m[m
[32m+[m[41m[7m^M[27m[m[m
[32m+[m[32mChanges not staged for commit:[m[41m[7m^M[27m[m[m
[32m+[m[32m  (use "git add <file>..." to update what will be committed)[m[41m[7m^M[27m[m[m
[32m+[m[32m  (use "git restore <file>..." to discard changes in working directory)[m[41m[7m^M[27m[m[m
[32m+[m       [32m[31mmodified:   src/add.py[m[m[41m[7m^M[27m[m[m
[32m+[m[41m[7m^M[27m[m[m
[32m+[m[32mUntracked files:[m[41m[7m^M[27m[m[m
:[K[K[?1l>]0;asifreak@asifreak: /media/asifreak/TOOLS/github/personal/repo_21july[01;32masifreak@asifreak[00m:[01;34m/media/asifreak/TOOLS/github/personal/repo_21july[00m$ git diff -s taged
[?1h=error: invalid option: -staged[m
[K[?1l>]0;asifreak@asifreak: /media/asifreak/TOOLS/github/personal/repo_21july[01;32masifreak@asifreak[00m:[01;34m/media/asifreak/TOOLS/github/personal/repo_21july[00m$ git diff -staged[A[C[C[C[C[C[C[C[C[C[C[C[C[C[C[C[C[C[C[C[C[C[C[C[C[C[C[C[C[C[C[C[C[C[C[C[C[C[C[C[C[C[C[C[C[C[C[C[C[C[C[C[C[C[C[C[C[C[C[C[C[C[C[C[C[C[C[C[C[C[C[C[C[C[C[C[C[C[C[C[C-staged[A]0;asifreak@asifreak: /media/asifreak/TOOLS/github/personal/repo_21july[01;32masifreak@asifreak[00m:[01;34m/media/asifreak/TOOLS/github/personal/repo_21july[00m$ [C[C[C[C[C[C[C[C[C[C

[?1h=[1mdiff --git a/output.txt b/output.txt[m[m
[1mnew file mode 100644[m[m
[1mindex 0000000..299554b[m[m
[1m--- /dev/null[m[m
[1m+++ b/output.txt[m[m
[36m@@ -0,0 +1,51 @@[m[m
[32m+[m[32mScript started on 2023-07-21 16:53:51+05:30 [TERM="xterm-256color" TTY="/dev/pt[m [32m[m[32ms/0" COLUMNS="80" LINES="24"][m[m
[32m+[m[32m0;asifreak@asifreak: /media/asifreak/TOOLS/github/personal/repo_21july[7m^G[27m[01;32masifrea[m [32m[m[32m[01;32mk@asifreak[00m:[01;34m/media/asifreak/TOOLS/github/personal/repo_21july[00m$ git status[m[41m[7m^M[27m[m[m
[32m+[m[32mOn branch main[m[41m[7m^M[27m[m[m
[32m+[m[32mYour branch is up to date with 'origin/main'.[m[41m[7m^M[27m[m[m
[32m+[m[41m[7m^M[27m[m[m
[32m+[m[32mUntracked files:[m[41m[7m^M[27m[m[m
[32m+[m[32m  (use "git add <file>..." to include in what will be committed)[m[41m[7m^M[27m[m[m
[32m+[m       [32m[31moutput.txt[m[m[41m[7m^M[27m[m[m
[32m+[m[41m[7m^M[27m[m[m
[32m+[m[32mnothing added to commit but untracked files present (use "git add" to track)[m[41m[7m^M[27m[m[m
[32m+[m[32m0;asifreak@asifreak: /media/asifreak/TOOLS/github/personal/repo_21july[7m^G[27m[01;32masifrea[m [32m[m[32m[01;32mk@asifreak[00m:[01;34m/media/asifreak/TOOLS/github/personal/repo_21july[00m$ mkdir src[m[41m[7m^M[27m[m[m
[32m+[m[32m0;asifreak@asifreak: /media/asifreak/TOOLS/github/personal/repo_21july[7m^G[27m[01;32masifrea[m [32m[m[32m[01;32mk@asifreak[00m:[01;34m/media/asifreak/TOOLS/github/personal/repo_21july[00m$ [7m^G^G^G^G^G^G[27mls[m[41m[7m^M[27m[m[m
[32m+[m[32m[0m[01;32moutput.txt[0m  [01;32mREADME.md[0m  [34;42msrc[0m[m[41m[7m^M[27m[m[m
:[K[K[?1l>]0;asifreak@asifreak: /media/asifreak/TOOLS/github/personal/repo_21july[01;32masifreak@asifreak[00m:[01;34m/media/asifreak/TOOLS/github/personal/repo_21july[00m$ git stst[K[Katus
On branch main
Your branch is ahead of 'origin/main' by 1 commit.
  (use "git push" to publish your local commits)

Changes to be committed:
  (use "git restore --staged <file>..." to unstage)
	[32mnew file:   output.txt[m
	[32mmodified:   src/add.py[m

Changes not staged for commit:
  (use "git add <file>..." to update what will be committed)
  (use "git restore <file>..." to discard changes in working directory)
	[31mmodified:   output.txt[m
	[31mmodified:   src/add.py[m

]0;asifreak@asifreak: /media/asifreak/TOOLS/github/personal/repo_21july[01;32masifreak@asifreak[00m:[01;34m/media/asifreak/TOOLS/github/personal/repo_21july[00m$ git diff
[?1h=[1mdiff --git a/output.txt b/output.txt[m[m
[1mindex 299554b..046da0f 100644[m[m
[1m--- a/output.txt[m[m
[1m+++ b/output.txt[m[m
[36m@@ -48,4 +48,228 @@[m [mUntracked files:[m[m
 [32m+[m[32mb = 15[m[m[m[m
  print(a+b)[m[m[m[m
 \ No newline at end of file[m[m[m[m
[31m-[7m^M[27m0;asifreak@asifreak: /media/asifreak/TOOLS/github/personal/repo_21july[7m^G[27m[01;32masifr[m [31m[01;32meak@asifreak[00m:[01;34m/media/asifreak/TOOLS/github/personal/repo_21july[00m$ git[m[m
\ No newline at end of file[m[m
[32m+[m[32m[7m^M[27m0;asifreak@asifreak: /media/asifreak/TOOLS/github/personal/repo_21july[7m^G[27m[01;32masifr[m [32m[m[32m[01;32meak@asifreak[00m:[01;34m/media/asifreak/TOOLS/github/personal/repo_21july[00m$ git status[m[41m[7m^M[27m[m[m
[32m+[m[32mOn branch main[m[41m[7m^M[27m[m[m
[32m+[m[32mYour branch is ahead of 'origin/main' by 1 commit.[m[41m[7m^M[27m[m[m
[32m+[m[32m  (use "git push" to publish your local commits)[m[41m[7m^M[27m[m[m
[32m+[m[41m[7m^M[27m[m[m
[32m+[m[32mChanges not staged for commit:[m[41m[7m^M[27m[m[m
[32m+[m[32m  (use "git add <file>..." to update what will be committed)[m[41m[7m^M[27m[m[m
[32m+[m[32m  (use "git restore <file>..." to discard changes in working directory)[m[41m[7m^M[27m[m[m
[32m+[m       [32m[31mmodified:   src/add.py[m[m[41m[7m^M[27m[m[m
[32m+[m[41m[7m^M[27m[m[m
[32m+[m[32mUntracked files:[m[41m[7m^M[27m[m[m
:[K[K[?1l>]0;asifreak@asifreak: /media/asifreak/TOOLS/github/personal/repo_21july[01;32masifreak@asifreak[00m:[01;34m/media/asifreak/TOOLS/github/personal/repo_21july[00m$ git add .
]0;asifreak@asifreak: /media/asifreak/TOOLS/github/personal/repo_21july[01;32masifreak@asifreak[00m:[01;34m/media/asifreak/TOOLS/github/personal/repo_21july[00m$ git status
On branch main
Your branch is ahead of 'origin/main' by 1 commit.
  (use "git push" to publish your local commits)

Changes to be committed:
  (use "git restore --staged <file>..." to unstage)
	[32mnew file:   output.txt[m
	[32mmodified:   src/add.py[m

]0;asifreak@asifreak: /media/asifreak/TOOLS/github/personal/repo_21july[01;32masifreak@asifreak[00m:[01;34m/media/asifreak/TOOLS/github/personal/repo_21july[00m$ git diff
[?1h=[K[?1l>]0;asifreak@asifreak: /media/asifreak/TOOLS/github/personal/repo_21july[01;32masifreak@asifreak[00m:[01;34m/media/asifreak/TOOLS/github/personal/repo_21july[00m$ git diff -- staged
[?1h=[1mdiff --git a/output.txt b/output.txt[m[m
[1mnew file mode 100644[m[m
[1mindex 0000000..307eb83[m[m
[1m--- /dev/null[m[m
[1m+++ b/output.txt[m[m
[36m@@ -0,0 +1,327 @@[m[m
[32m+[m[32mScript started on 2023-07-21 16:53:51+05:30 [TERM="xterm-256color" TTY="/dev/pt[m [32m[m[32ms/0" COLUMNS="80" LINES="24"][m[m
[32m+[m[32m0;asifreak@asifreak: /media/asifreak/TOOLS/github/personal/repo_21july[7m^G[27m[01;32masifrea[m [32m[m[32m[01;32mk@asifreak[00m:[01;34m/media/asifreak/TOOLS/github/personal/repo_21july[00m$ git status[m[41m[7m^M[27m[m[m
[32m+[m[32mOn branch main[m[41m[7m^M[27m[m[m
[32m+[m[32mYour branch is up to date with 'origin/main'.[m[41m[7m^M[27m[m[m
[32m+[m[41m[7m^M[27m[m[m
[32m+[m[32mUntracked files:[m[41m[7m^M[27m[m[m
[32m+[m[32m  (use "git add <file>..." to include in what will be committed)[m[41m[7m^M[27m[m[m
[32m+[m       [32m[31moutput.txt[m[m[41m[7m^M[27m[m[m
[32m+[m[41m[7m^M[27m[m[m
[32m+[m[32mnothing added to commit but untracked files present (use "git add" to track)[m[41m[7m^M[27m[m[m
[32m+[m[32m0;asifreak@asifreak: /media/asifreak/TOOLS/github/personal/repo_21july[7m^G[27m[01;32masifrea[m [32m[m[32m[01;32mk@asifreak[00m:[01;34m/media/asifreak/TOOLS/github/personal/repo_21july[00m$ mkdir src[m[41m[7m^M[27m[m[m
[32m+[m[32m0;asifreak@asifreak: /media/asifreak/TOOLS/github/personal/repo_21july[7m^G[27m[01;32masifrea[m [32m[m[32m[01;32mk@asifreak[00m:[01;34m/media/asifreak/TOOLS/github/personal/repo_21july[00m$ [7m^G^G^G^G^G^G[27mls[m[41m[7m^M[27m[m[m
[32m+[m[32m[0m[01;32moutput.txt[0m  [01;32mREADME.md[0m  [34;42msrc[0m[m[41m[7m^M[27m[m[m
:[K[K[?1l>]0;asifreak@asifreak: /media/asifreak/TOOLS/github/personal/repo_21july[01;32masifreak@asifreak[00m:[01;34m/media/asifreak/TOOLS/github/personal/repo_21july[00m$ 
]0;asifreak@asifreak: /media/asifreak/TOOLS/github/personal/repo_21july[01;32masifreak@asifreak[00m:[01;34m/media/asifreak/TOOLS/github/personal/repo_21july[00m$ clear
[H[2J[3J]0;asifreak@asifreak: /media/asifreak/TOOLS/github/personal/repo_21july[01;32masifreak@asifreak[00m:[01;34m/media/asifreak/TOOLS/github/personal/repo_21july[00m$ git comi[Kmit  - [Km ""i"n"i"t"i"a"l" "c"o"m"m"i"t" "w"i"t"i"h" "[1P"[1P"[1P"h" "s"t"a"g"e" "c"h"a"n"g"e"s"
[main 93dae96] initial commit with stage changes
 2 files changed, 329 insertions(+), 2 deletions(-)
 create mode 100644 output.txt
]0;asifreak@asifreak: /media/asifreak/TOOLS/github/personal/repo_21july[01;32masifreak@asifreak[00m:[01;34m/media/asifreak/TOOLS/github/personal/repo_21july[00m$ git log
[?1h=[33mcommit 93dae966046027efd88de2bf2ef0a7c6e13a0d51[m[33m ([m[1;36mHEAD -> [m[1;32mmain[m[33m)[m[m
Author: ElRishh <rishav.a.brudite@gmail.com>[m
Date:   Fri Jul 21 18:11:03 2023 +0530[m
[m
    initial commit with stage changes[m
[m
[33mcommit 9e423e66d0faf4a5efdfaaa461f6ebb5fe813c09[m[m
Author: ElRishh <rishav.a.brudite@gmail.com>[m
Date:   Fri Jul 21 17:11:04 2023 +0530[m
[m
    adding two py files[m
[m
[33mcommit d8e9f7434572889482505e026e193a232bb3fd5f[m[33m ([m[1;31morigin/main[m[33m, [m[1;31morigin/HEAD[m[33m)[m[m
Author: Rishav Agarwal <ra0182108@gmail.com>[m
Date:   Fri Jul 21 15:58:34 2023 +0530[m
[m
    Initial commit[m
[K[?1l>]0;asifreak@asifreak: /media/asifreak/TOOLS/github/personal/repo_21july[01;32masifreak@asifreak[00m:[01;34m/media/asifreak/TOOLS/github/personal/repo_21july[00m$ git show 9e423e66d0faf4a5efdfaaa461f6ebb5fe813c09
[?1h=[33mcommit 9e423e66d0faf4a5efdfaaa461f6ebb5fe813c09[m[m
Author: ElRishh <rishav.a.brudite@gmail.com>[m
Date:   Fri Jul 21 17:11:04 2023 +0530[m
[m
    adding two py files[m
[m
[1mdiff --git a/src/add.py b/src/add.py[m[m
[1mnew file mode 100644[m[m
[1mindex 0000000..aff5494[m[m
[1m--- /dev/null[m[m
[1m+++ b/src/add.py[m[m
[36m@@ -0,0 +1,3 @@[m[m
[32m+[m[32ma = 3[m[m
[32m+[m[32mb = 5[m[m
[32m+[m[32mprint(a+b)[m[m
\ No newline at end of file[m[m
[1mdiff --git a/src/rish.py b/src/rish.py[m[m
[1mnew file mode 100644[m[m
[1mindex 0000000..e75154b[m[m
[1m--- /dev/null[m[m
[1m+++ b/src/rish.py[m[m
[36m@@ -0,0 +1 @@[m[m
[32m+[m[32mprint("hello world")[m[m
:[K[K[?1l>]0;asifreak@asifreak: /media/asifreak/TOOLS/github/personal/repo_21july[01;32masifreak@asifreak[00m:[01;34m/media/asifreak/TOOLS/github/personal/repo_21july[00m$ git rev [K-par se --short
fatal: Needed a single revision
]0;asifreak@asifreak: /media/asifreak/TOOLS/github/personal/repo_21july[01;32masifreak@asifreak[00m:[01;34m/media/asifreak/TOOLS/github/personal/repo_21july[00m$ git show 9e 4
fatal: ambiguous argument '9e4': unknown revision or path not in the working tree.
Use '--' to separate paths from revisions, like this:
'git <command> [<revision>...] -- [<file>...]'
]0;asifreak@asifreak: /media/asifreak/TOOLS/github/personal/repo_21july[01;32masifreak@asifreak[00m:[01;34m/media/asifreak/TOOLS/github/personal/repo_21july[00m$ git show 9e42
[?1h=[33mcommit 9e423e66d0faf4a5efdfaaa461f6ebb5fe813c09[m[m
Author: ElRishh <rishav.a.brudite@gmail.com>[m
Date:   Fri Jul 21 17:11:04 2023 +0530[m
[m
    adding two py files[m
[m
[1mdiff --git a/src/add.py b/src/add.py[m[m
[1mnew file mode 100644[m[m
[1mindex 0000000..aff5494[m[m
[1m--- /dev/null[m[m
[1m+++ b/src/add.py[m[m
[36m@@ -0,0 +1,3 @@[m[m
[32m+[m[32ma = 3[m[m
[32m+[m[32mb = 5[m[m
[32m+[m[32mprint(a+b)[m[m
\ No newline at end of file[m[m
[1mdiff --git a/src/rish.py b/src/rish.py[m[m
[1mnew file mode 100644[m[m
[1mindex 0000000..e75154b[m[m
[1m--- /dev/null[m[m
[1m+++ b/src/rish.py[m[m
[36m@@ -0,0 +1 @@[m[m
[32m+[m[32mprint("hello world")[m[m
:[K[K[?1l>]0;asifreak@asifreak: /media/asifreak/TOOLS/github/personal/repo_21july[01;32masifreak@asifreak[00m:[01;34m/media/asifreak/TOOLS/github/personal/repo_21july[00m$ git ad [Kd .
]0;asifreak@asifreak: /media/asifreak/TOOLS/github/personal/repo_21july[01;32masifreak@asifreak[00m:[01;34m/media/asifreak/TOOLS/github/personal/repo_21july[00m$ git commit  -m "addd[Ked go file"
[main 502ca55] added go file
 2 files changed, 52 insertions(+), 1 deletion(-)
 create mode 100644 src/hello.go
]0;asifreak@asifreak: /media/asifreak/TOOLS/github/personal/repo_21july[01;32masifreak@asifreak[00m:[01;34m/media/asifreak/TOOLS/github/personal/repo_21july[00m$ git status
On branch main
Your branch is ahead of 'origin/main' by 3 commits.
  (use "git push" to publish your local commits)

Changes not staged for commit:
  (use "git add <file>..." to update what will be committed)
  (use "git restore <file>..." to discard changes in working directory)
	[31mmodified:   output.txt[m

no changes added to commit (use "git add" and/or "git commit -a")
]0;asifreak@asifreak: /media/asifreak/TOOLS/github/personal/repo_21july[01;32masifreak@asifreak[00m:[01;34m/media/asifreak/TOOLS/github/personal/repo_21july[00m$ git rm  [Khell o.go
fatal: pathspec 'hello.go' did not match any files
]0;asifreak@asifreak: /media/asifreak/TOOLS/github/personal/repo_21july[01;32masifreak@asifreak[00m:[01;34m/media/asifreak/TOOLS/github/personal/repo_21july[00m$ ls
[0m[01;32moutput.txt[0m  [01;32mREADME.md[0m  [34;42msrc[0m
]0;asifreak@asifreak: /media/asifreak/TOOLS/github/personal/repo_21july[01;32masifreak@asifreak[00m:[01;34m/media/asifreak/TOOLS/github/personal/repo_21july[00m$ cd src
]0;asifreak@asifreak: /media/asifreak/TOOLS/github/personal/repo_21july/src[01;32masifreak@asifreak[00m:[01;34m/media/asifreak/TOOLS/github/personal/repo_21july/src[00m$ git rm  hello.go
rm 'src/hello.go'
]0;asifreak@asifreak: /media/asifreak/TOOLS/github/personal/repo_21july/src[01;32masifreak@asifreak[00m:[01;34m/media/asifreak/TOOLS/github/personal/repo_21july/src[00m$ l
[0m[01;32madd.py[0m*  [01;32mrish.py[0m*
]0;asifreak@asifreak: /media/asifreak/TOOLS/github/personal/repo_21july/src[01;32masifreak@asifreak[00m:[01;34m/media/asifreak/TOOLS/github/personal/repo_21july/src[00m$ ls
[0m[01;32madd.py[0m  [01;32mrish.py[0m
]0;asifreak@asifreak: /media/asifreak/TOOLS/github/personal/repo_21july/src[01;32masifreak@asifreak[00m:[01;34m/media/asifreak/TOOLS/github/personal/repo_21july/src[00m$ git sta tus
On branch main
Your branch is ahead of 'origin/main' by 3 commits.
  (use "git push" to publish your local commits)

Changes to be committed:
  (use "git restore --staged <file>..." to unstage)
	[32mdeleted:    hello.go[m

Changes not staged for commit:
  (use "git add <file>..." to update what will be committed)
  (use "git restore <file>..." to discard changes in working directory)
	[31mmodified:   ../output.txt[m

]0;asifreak@asifreak: /media/asifreak/TOOLS/github/personal/repo_21july/src[01;32masifreak@asifreak[00m:[01;34m/media/asifreak/TOOLS/github/personal/repo_21july/src[00m$ git com mit -m "deleted go file"
[main 58b13f9] deleted go file
 1 file changed, 7 deletions(-)
 delete mode 100644 src/hello.go
]0;asifreak@asifreak: /media/asifreak/TOOLS/github/personal/repo_21july/src[01;32masifreak@asifreak[00m:[01;34m/media/asifreak/TOOLS/github/personal/repo_21july/src[00m$ rm add. py[K[K[A[C[C[C[C[C[C[C[C[C[C[C[C[C[C[C[C[C[C[C[C[C[C[C[C[C[C[C[C[C[C[C[C[C[C[C[C[C[C[C[C[C[C[C[C[C[C[C[C[C[C[C[C[C[C[C[C[C[C[C[C[C[C[C[C[C[C[C[C[C[C[C[C[C[C[C[C[C[C[C[K
[K[A[C[C[C[C[C[C[C[C[C[C[C[C[C[C[C[C[C[C[C[C[C[C[C[C[C[C[C[C[C[C[C[C[C[C[C[C[C[C[C[C[C[C[C[C[C[C[C[C[C[C[C[C[C[C[C[C[C[C[C[C[C[C[C[C[C[C[C[C[C[C[C[C[C[C[C[C[C[C[C[K[K[Krish .py
]0;asifreak@asifreak: /media/asifreak/TOOLS/github/personal/repo_21july/src[01;32masifreak@asifreak[00m:[01;34m/media/asifreak/TOOLS/github/personal/repo_21july/src[00m$ ls
[0m[01;32madd.py[0m
]0;asifreak@asifreak: /media/asifreak/TOOLS/github/personal/repo_21july/src[01;32masifreak@asifreak[00m:[01;34m/media/asifreak/TOOLS/github/personal/repo_21july/src[00m$ git sta tus
On branch main
Your branch is ahead of 'origin/main' by 4 commits.
  (use "git push" to publish your local commits)

Changes not staged for commit:
  (use "git add/rm <file>..." to update what will be committed)
  (use "git restore <file>..." to discard changes in working directory)
	[31mmodified:   ../output.txt[m
	[31mdeleted:    rish.py[m

no changes added to commit (use "git add" and/or "git commit -a")
]0;asifreak@asifreak: /media/asifreak/TOOLS/github/personal/repo_21july/src[01;32masifreak@asifreak[00m:[01;34m/media/asifreak/TOOLS/github/personal/repo_21july/src[00m$ git add  .[K[K[A[C[C[C[C[C[C[C[C[C[C[C[C[C[C[C[C[C[C[C[C[C[C[C[C[C[C[C[C[C[C[C[C[C[C[C[C[C[C[C[C[C[C[C[C[C[C[C[C[C[C[C[C[C[C[C[C[C[C[C[C[C[C[C[C[C[C[C[C[C[C[C[C[C[C[C[C[C[C[C[K
[K[A[C[C[C[C[C[C[C[C[C[C[C[C[C[C[C[C[C[C[C[C[C[C[C[C[C[C[C[C[C[C[C[C[C[C[C[C[C[C[C[C[C[C[C[C[C[C[C[C[C[C[C[C[C[C[C[C[C[C[C[C[C[C[C[C[C[C[C[C[C[C[C[C[C[C[C[C[C[C[Cd  .
]0;asifreak@asifreak: /media/asifreak/TOOLS/github/personal/repo_21july/src[01;32masifreak@asifreak[00m:[01;34m/media/asifreak/TOOLS/github/personal/repo_21july/src[00m$ git com mit -m "deleted rish[K[K[K[Kone py fle[K[Kile"
[main 827395e] deleted one py file
 1 file changed, 1 deletion(-)
 delete mode 100644 src/rish.py
]0;asifreak@asifreak: /media/asifreak/TOOLS/github/personal/repo_21july/src[01;32masifreak@asifreak[00m:[01;34m/media/asifreak/TOOLS/github/personal/repo_21july/src[00m$ git mv  add.py sum.py
]0;asifreak@asifreak: /media/asifreak/TOOLS/github/personal/repo_21july/src[01;32masifreak@asifreak[00m:[01;34m/media/asifreak/TOOLS/github/personal/repo_21july/src[00m$ ls
[0m[01;32msum.py[0m
]0;asifreak@asifreak: /media/asifreak/TOOLS/github/personal/repo_21july/src[01;32masifreak@asifreak[00m:[01;34m/media/asifreak/TOOLS/github/personal/repo_21july/src[00m$ git sta tus
On branch main
Your branch is ahead of 'origin/main' by 5 commits.
  (use "git push" to publish your local commits)

Changes to be committed:
  (use "git restore --staged <file>..." to unstage)
	[32mrenamed:    add.py -> sum.py[m

Changes not staged for commit:
  (use "git add <file>..." to update what will be committed)
  (use "git restore <file>..." to discard changes in working directory)
	[31mmodified:   ../output.txt[m

]0;asifreak@asifreak: /media/asifreak/TOOLS/github/personal/repo_21july/src[01;32masifreak@asifreak[00m:[01;34m/media/asifreak/TOOLS/github/personal/repo_21july/src[00m$ git add . [K[K[A[C[C[C[C[C[C[C[C[C[C[C[C[C[C[C[C[C[C[C[C[C[C[C[C[C[C[C[C[C[C[C[C[C[C[C[C[C[C[C[C[C[C[C[C[C[C[C[C[C[C[C[C[C[C[C[C[C[C[C[C[C[C[C[C[C[C[C[C[C[C[C[C[C[C[C[C[C[C[C[K
[K[A[C[C[C[C[C[C[C[C[C[C[C[C[C[C[C[C[C[C[C[C[C[C[C[C[C[C[C[C[C[C[C[C[C[C[C[C[C[C[C[C[C[C[C[C[C[C[C[C[C[C[C[C[C[C[C[C[C[C[C[C[C[C[C[C[C[C[C[C[C[C[C[C[C[C[C[C[C[C[Cd  .
]0;asifreak@asifreak: /media/asifreak/TOOLS/github/personal/repo_21july/src[01;32masifreak@asifreak[00m:[01;34m/media/asifreak/TOOLS/github/personal/repo_21july/src[00m$ git com mit -m "renamed p file[K[K[K[K[K[Kpy file;[K[K"[Ke"
[main 50d3c33] renamed py file
 1 file changed, 0 insertions(+), 0 deletions(-)
 rename src/{add.py => sum.py} (100%)
]0;asifreak@asifreak: /media/asifreak/TOOLS/github/personal/repo_21july/src[01;32masifreak@asifreak[00m:[01;34m/media/asifreak/TOOLS/github/personal/repo_21july/src[00m$ mv sum. py add2.py
]0;asifreak@asifreak: /media/asifreak/TOOLS/github/personal/repo_21july/src[01;32masifreak@asifreak[00m:[01;34m/media/asifreak/TOOLS/github/personal/repo_21july/src[00m$ ls
[0m[01;32madd2.py[0m
]0;asifreak@asifreak: /media/asifreak/TOOLS/github/personal/repo_21july/src[01;32masifreak@asifreak[00m:[01;34m/media/asifreak/TOOLS/github/personal/repo_21july/src[00m$ git sta tus
On branch main
Your branch is ahead of 'origin/main' by 6 commits.
  (use "git push" to publish your local commits)

Changes not staged for commit:
  (use "git add/rm <file>..." to update what will be committed)
  (use "git restore <file>..." to discard changes in working directory)
	[31mmodified:   ../output.txt[m
	[31mdeleted:    sum.py[m

Untracked files:
  (use "git add <file>..." to include in what will be committed)
	[31madd2.py[m

no changes added to commit (use "git add" and/or "git commit -a")
]0;asifreak@asifreak: /media/asifreak/TOOLS/github/personal/repo_21july/src[01;32masifreak@asifreak[00m:[01;34m/media/asifreak/TOOLS/github/personal/repo_21july/src[00m$ git add  -A
]0;asifreak@asifreak: /media/asifreak/TOOLS/github/personal/repo_21july/src[01;32masifreak@asifreak[00m:[01;34m/media/asifreak/TOOLS/github/personal/repo_21july/src[00m$ git sta tus
On branch main
Your branch is ahead of 'origin/main' by 6 commits.
  (use "git push" to publish your local commits)

Changes to be committed:
  (use "git restore --staged <file>..." to unstage)
	[32mmodified:   ../output.txt[m
	[32mrenamed:    sum.py -> add2.py[m

]0;asifreak@asifreak: /media/asifreak/TOOLS/github/personal/repo_21july/src[01;32masifreak@asifreak[00m:[01;34m/media/asifreak/TOOLS/github/personal/repo_21july/src[00m$ git add  .
]0;asifreak@asifreak: /media/asifreak/TOOLS/github/personal/repo_21july/src[01;32masifreak@asifreak[00m:[01;34m/media/asifreak/TOOLS/github/personal/repo_21july/src[00m$ git com mit -m "reame[K[K[Kname with os command"
[main faa0285] rename with os command
 2 files changed, 174 insertions(+), 1 deletion(-)
 rename src/{sum.py => add2.py} (100%)
]0;asifreak@asifreak: /media/asifreak/TOOLS/github/personal/repo_21july/src[01;32masifreak@asifreak[00m:[01;34m/media/asifreak/TOOLS/github/personal/repo_21july/src[00m$ git hel p log
[?1049h[22;0;0t[?1h=GIT-LOG(1)                        Git Manual                        GIT-LOG(1)[m
[m
[1mNAME[0m[m
       git-log - Show commit logs[m
[m
[1mSYNOPSIS[0m[m
       [4mgit[24m [4mlog[24m [<options>] [<revision range>] [[--] <path>...][m
[m
[1mDESCRIPTION[0m[m
       Shows the commit logs.[m
[m
       The command takes options applicable to the [1mgit[0m [1mrev-list[0m command to[m
       control what is shown and how, and options applicable to the [1mgit[0m [1mdiff-*[0m[m
       commands to control how the changes each commit introduces are shown.[m
[m
[1mOPTIONS[0m[m
       --follow[m
           Continue listing the history of a file beyond renames (works only[m
           for a single file).[m
[m
       --no-decorate, --decorate[=short|full|auto|no][m
           Print out the ref names of any commits that are shown. If [4mshort[24m is[m
           specified, the ref name prefixes [4mrefs/heads/[24m, [4mrefs/tags/[24m and[m
[7m Manual page git-log(1) line 1 (press h for help or q to quit)[27m[K[K [KESCESC[KOO[KAA[K[K[7m Manual page git-log(1) line 1 (press h for help or q to quit)[27m[K[K [KESCESC[KOO[KAA[K[K[7m Manual page git-log(1) line 1 (press h for help or q to quit)[27m[K[K [KESCESC[KOO[KAA[K[K[7m Manual page git-log(1) line 1 (press h for help or q to quit)[27m[K[K [KESCESC[KOO[KAA[K[K[7m Manual page git-log(1) line 1 (press h for help or q to quit)[27m[K[K [KESCESC[KOO[KAA[K[K[7m Manual page git-log(1) line 1 (press h for help or q to quit)[27m[K[K [KESCESC[KOO[KAA[K[K[7m Manual page git-log(1) line 1 (press h for help or q to quit)[27m[K[K [KESCESC[KOO[KAA[K[K[7m Manual page git-log(1) line 1 (press h for help or q to quit)[27m[K[K [KESCESC[KOO[KAA[K[K[7m Manual page git-log(1) line 1 (press h for help or q to quit)[27m[K[K [KESCESC[KOO[KAA[K[K[7m Manual page git-log(1) line 1 (press h for help or q to quit)[27m[K[K [KESCESC[KOO[KAA[K[K[7m Manual page git-log(1) line 1 (press h for help or q to quit)[27m[K[K [KESCESC[KOO[KAA[K[K[7m Manual page git-log(1) line 1 (press h for help or q to quit)[27m[K[K [KESCESC[KOO[KAA[K[K[7m Manual page git-log(1) line 1 (press h for help or q to quit)[27m[K[K [KESCESC[KOO[KAA[K[K[7m Manual page git-log(1) line 1 (press h for help or q to quit)[27m[K[K [KESCESC[KOO[KAA[K[K[7m Manual page git-log(1) line 1 (press h for help or q to quit)[27m[K[K [KESCESC[KOO[KAA[K[K[7m Manual page git-log(1) line 1 (press h for help or q to quit)[27m[K[K [KESCESC[KOO[KAA[K[K[7m Manual page git-log(1) line 1 (press h for help or q to quit)[27m[K[K [KESCESC[KOO[KAA[K[K[7m Manual page git-log(1) line 1 (press h for help or q to quit)[27m[K[K [KESCESC[KOO[KAA[K[K[7m Manual page git-log(1) line 1 (press h for help or q to quit)[27m[K[K[?1l>[?1049l[23;0;0t]0;asifreak@asifreak: /media/asifreak/TOOLS/github/personal/repo_21july/src[01;32masifreak@asifreak[00m:[01;34m/media/asifreak/TOOLS/github/personal/repo_21july/src[00m$ git log  -n 3
[?1h=[33mcommit faa0285f925bd822b21ff5349e8ce29780de9c7e[m[33m ([m[1;36mHEAD -> [m[1;32mmain[m[33m)[m[m
Author: ElRishh <rishav.a.brudite@gmail.com>[m
Date:   Fri Jul 21 19:33:20 2023 +0530[m
[m
    rename with os command[m
[m
[33mcommit 50d3c33fd7ffaaf4235945073c5529993c6dad79[m[m
Author: ElRishh <rishav.a.brudite@gmail.com>[m
Date:   Fri Jul 21 19:02:45 2023 +0530[m
[m
    renamed py file[m
[m
[33mcommit 827395e363e93616e7be173a8f9ee01b633a3bf8[m[m
Author: ElRishh <rishav.a.brudite@gmail.com>[m
Date:   Fri Jul 21 19:01:38 2023 +0530[m
[m
    deleted one py file[m
[K[?1l>]0;asifreak@asifreak: /media/asifreak/TOOLS/github/personal/repo_21july/src[01;32masifreak@asifreak[00m:[01;34m/media/asifreak/TOOLS/github/personal/repo_21july/src[00m$ git f[Kdif f --stat
[?1h= output.txt | 51 [32m++++++++++++++++++++++++++++++++++++++++++++++++++[m[31m-[m[m
 1 file changed, 50 insertions(+), 1 deletion(-)[m
[K[?1l>]0;asifreak@asifreak: /media/asifreak/TOOLS/github/personal/repo_21july/src[01;32masifreak@asifreak[00m:[01;34m/media/asifreak/TOOLS/github/personal/repo_21july/src[00m$ git diff --stat
[?1h= output.txt  | 51 [32m++++++++++++++++++++++++++++++++++++++++++++++++++[m[31m-[m[m
 src/add2.py |  2 [32m+[m[31m-[m[m
 2 files changed, 51 insertions(+), 2 deletions(-)[m
[K[?1l>]0;asifreak@asifreak: /media/asifreak/TOOLS/github/personal/repo_21july/src[01;32masifreak@asifreak[00m:[01;34m/media/asifreak/TOOLS/github/personal/repo_21july/src[00m$ git add . 
git: 'add.' is not a git command. See 'git --help'.

The most similar command is
	add
]0;asifreak@asifreak: /media/asifreak/TOOLS/github/personal/repo_21july/src[01;32masifreak@asifreak[00m:[01;34m/media/asifreak/TOOLS/github/personal/repo_21july/src[00m$ git add  .
]0;asifreak@asifreak: /media/asifreak/TOOLS/github/personal/repo_21july/src[01;32masifreak@asifreak[00m:[01;34m/media/asifreak/TOOLS/github/personal/repo_21july/src[00m$ git com mit -m "updates [K[Kd py file"
[main add3d9c] updated py file
 1 file changed, 1 insertion(+), 1 deletion(-)
]0;asifreak@asifreak: /media/asifreak/TOOLS/github/personal/repo_21july/src[01;32masifreak@asifreak[00m:[01;34m/media/asifreak/TOOLS/github/personal/repo_21july/src[00m$ gti [K[K[Kit sho w
[?1h=[33mcommit add3d9c1888ac1df65a0eeed46e269229010c247[m[33m ([m[1;36mHEAD -> [m[1;32mmain[m[33m)[m[m
Author: ElRishh <rishav.a.brudite@gmail.com>[m
Date:   Fri Jul 21 19:39:20 2023 +0530[m
[m
    updated py file[m
[m
[1mdiff --git a/src/add2.py b/src/add2.py[m[m
[1mindex a224c02..fead086 100644[m[m
[1m--- a/src/add2.py[m[m
[1m+++ b/src/add2.py[m[m
[36m@@ -1,3 +1,3 @@[m[m
[31m-a = 7[m[m
[32m+[m[32ma = 10[m[m
 b = 9[m[m
 print(a+b)[m[m
\ No newline at end of file[m[m
[K[?1l>]0;asifreak@asifreak: /media/asifreak/TOOLS/github/personal/repo_21july/src[01;32masifreak@asifreak[00m:[01;34m/media/asifreak/TOOLS/github/personal/repo_21july/src[00m$ gti [K[K[Kit sho w --stat
[?1h=[33mcommit add3d9c1888ac1df65a0eeed46e269229010c247[m[33m ([m[1;36mHEAD -> [m[1;32mmain[m[33m)[m[m
Author: ElRishh <rishav.a.brudite@gmail.com>[m
Date:   Fri Jul 21 19:39:20 2023 +0530[m
[m
    updated py file[m
[m
 src/add2.py | 2 [32m+[m[31m-[m[m
 1 file changed, 1 insertion(+), 1 deletion(-)[m
[K[?1l>]0;asifreak@asifreak: /media/asifreak/TOOLS/github/personal/repo_21july/src[01;32masifreak@asifreak[00m:[01;34m/media/asifreak/TOOLS/github/personal/repo_21july/src[00m$ git log [A[C[C[C[C[C[C[C[C[C[C[C[C[C[C[C[C[C[C[C[C[C[C[C[C[C[C[C[C[C[C[C[C[C[C[C[C[C[C[C[C[C[C[C[C[C[C[C[C[C[C[C[C[C[C[C[C[C[C[C[C[C[C[C[C[C[C[C[C[C[C[C[C[C[C[C[C[C[C[C[Kg
[?1h=[33mcommit add3d9c1888ac1df65a0eeed46e269229010c247[m[33m ([m[1;36mHEAD -> [m[1;32mmain[m[33m)[m[m
Author: ElRishh <rishav.a.brudite@gmail.com>[m
Date:   Fri Jul 21 19:39:20 2023 +0530[m
[m
    updated py file[m
[m
[33mcommit faa0285f925bd822b21ff5349e8ce29780de9c7e[m[m
Author: ElRishh <rishav.a.brudite@gmail.com>[m
Date:   Fri Jul 21 19:33:20 2023 +0530[m
[m
    rename with os command[m
[m
[33mcommit 50d3c33fd7ffaaf4235945073c5529993c6dad79[m[m
Author: ElRishh <rishav.a.brudite@gmail.com>[m
Date:   Fri Jul 21 19:02:45 2023 +0530[m
[m
    renamed py file[m
[m
[33mcommit 827395e363e93616e7be173a8f9ee01b633a3bf8[m[m
Author: ElRishh <rishav.a.brudite@gmail.com>[m
Date:   Fri Jul 21 19:01:38 2023 +0530[m
[m
    deleted one py file[m
:[K[K[?1l>]0;asifreak@asifreak: /media/asifreak/TOOLS/github/personal/repo_21july/src[01;32masifreak@asifreak[00m:[01;34m/media/asifreak/TOOLS/github/personal/repo_21july/src[00m$ git log  --stat
[?1h=[33mcommit add3d9c1888ac1df65a0eeed46e269229010c247[m[33m ([m[1;36mHEAD -> [m[1;32mmain[m[33m)[m[m
Author: ElRishh <rishav.a.brudite@gmail.com>[m
Date:   Fri Jul 21 19:39:20 2023 +0530[m
[m
    updated py file[m
[m
 src/add2.py | 2 [32m+[m[31m-[m[m
 1 file changed, 1 insertion(+), 1 deletion(-)[m
[m
[33mcommit faa0285f925bd822b21ff5349e8ce29780de9c7e[m[m
Author: ElRishh <rishav.a.brudite@gmail.com>[m
Date:   Fri Jul 21 19:33:20 2023 +0530[m
[m
    rename with os command[m
[m
 output.txt              | 175 [32m+++++++++++++++++++++++++++++++++++++++++++++++[m[31m-[m[m
 src/{sum.py => add2.py} |   0[m
 2 files changed, 174 insertions(+), 1 deletion(-)[m
[m
[33mcommit 50d3c33fd7ffaaf4235945073c5529993c6dad79[m[m
Author: ElRishh <rishav.a.brudite@gmail.com>[m
Date:   Fri Jul 21 19:02:45 2023 +0530[m
[m
:[K[K [KESCESC[KOO[KBB[K    renamed py file[m
:[K[K [KESCESC[KOO[KBB[K[m
:[K[K [KESCESC[KOO[KBB[K src/{add.py => sum.py} | 0[m
:[K[K [KESCESC[KOO[KBB[K 1 file changed, 0 insertions(+), 0 deletions(-)[m
:[K[K [KESCESC[KOO[KBB[K[m
:[K[K [KESCESC[KOO[KBB[K[33mcommit 827395e363e93616e7be173a8f9ee01b633a3bf8[m[m
:[K[K [KESCESC[KOO[KBB[KAuthor: ElRishh <rishav.a.brudite@gmail.com>[m
:[K[K [KESCESC[KOO[KBB[KDate:   Fri Jul 21 19:01:38 2023 +0530[m
:[K[K [KESCESC[KOO[KBB[K[m
:[K[K [KESCESC[KOO[KBB[K    deleted one py file[m
:[K[K [KESCESC[KOO[KBB[K[m
:[K[K [KESCESC[KOO[KBB[K src/rish.py | 1 [31m-[m[m
:[K[K [KESCESC[KOO[KBB[K 1 file changed, 1 deletion(-)[m
:[K[K [KESCESC[KOO[KBB[K[m
:[K[K [KESCESC[KOO[KBB[K[33mcommit 58b13f906e503e759af3097af6c4708b949db8b4[m[m
:[K[K [KESCESC[KOO[KBB[KAuthor: ElRishh <rishav.a.brudite@gmail.com>[m
:[K[K [KESCESC[KOO[KBB[KDate:   Fri Jul 21 19:00:11 2023 +0530[m
:[K[K [KESCESC[KOO[KBB[K[m
:[K[K [KESCESC[KOO[KBB[K    deleted go file[m
:[K[K [KESCESC[KOO[KBB[K[m
:[K[K [KESCESC[KOO[KBB[K src/hello.go | 7 [31m-------[m[m
:[K[K [KESCESC[KOO[KBB[K 1 file changed, 7 deletions(-)[m
:[K[K [KESCESC[KOO[KBB[K[m
:[K[K [KESCESC[KOO[KBB[K[33mcommit 502ca55aa4354ce332a9d4f740c8fd7e4db06bc2[m[m
:[K[K [KESCESC[KOO[KBB[KAuthor: ElRishh <rishav.a.brudite@gmail.com>[m
:[K[K [KESCESC[KOO[KBB[KDate:   Fri Jul 21 18:58:15 2023 +0530[m
:[K[K [KESCESC[KOO[KBB[K[m
:[K[K [KESCESC[KOO[KBB[K    added go file[m
:[K[K [KESCESC[KOO[KBB[K[m
:[K[K [KESCESC[KOO[KBB[K output.txt   | 46 [32m+++++++++++++++++++++++++++++++++++++++++++++[m[31m-[m[m
:[K[K [KESCESC[KOO[KBB[K src/hello.go |  7 [32m+++++++[m[m
:[K[K [KESCESC[KOO[KBB[K 2 files changed, 52 insertions(+), 1 deletion(-)[m
:[K[K [KESCESC[KOO[KBB[K[m
:[K[K [KESCESC[KOO[KBB[K[33mcommit 93dae966046027efd88de2bf2ef0a7c6e13a0d51[m[m
:[K[K [KESCESC[KOO[KBB[KAuthor: ElRishh <rishav.a.brudite@gmail.com>[m
:[K[K [KESCESC[KOO[KBB[KDate:   Fri Jul 21 18:11:03 2023 +0530[m
:[K[K [KESCESC[KOO[KBB[K[m
:[K[K [KESCESC[KOO[KBB[K    initial commit with stage changes[m
:[K[K [KESCESC[KOO[KBB[K[m
:[K[K [KESCESC[KOO[KBB[K output.txt | 327 [32m+++++++++++++++++++++++++++++++++++++++++++++++++++++++++++++[m[m
:[K[K [KESCESC[KOO[KBB[K src/add.py |   4 [32m+[m[31m-[m[m
:[K[K [KESCESC[KOO[KBB[K 2 files changed, 329 insertions(+), 2 deletions(-)[m
:[K[K [KESCESC[KOO[KBB[K[m
:[K[K [KESCESC[KOO[KBB[K[33mcommit 9e423e66d0faf4a5efdfaaa461f6ebb5fe813c09[m[m
:[K[K [KESCESC[KOO[KBB[KAuthor: ElRishh <rishav.a.brudite@gmail.com>[m
:[K[K [KESCESC[KOO[KBB[KDate:   Fri Jul 21 17:11:04 2023 +0530[m
:[K[K [KESCESC[KOO[KBB[K[m
:[K[K [KESCESC[KOO[KBB[K    adding two py files[m
:[K[K [KESCESC[KOO[KBB[K[m
:[K[K [KESCESC[KOO[KBB[K src/add.py  | 3 [32m+++[m[m
:[K[K [KESCESC[KOO[KBB[K src/rish.py | 1 [32m+[m[m
:[K[K [KESCESC[KOO[KBB[K 2 files changed, 4 insertions(+)[m
:[K[K [KESCESC[KOO[KBB[K[m
:[K[K [KESCESC[KOO[KBB[K[33mcommit d8e9f7434572889482505e026e193a232bb3fd5f[m[33m ([m[1;31morigin/main[m[33m, [m[1;31morigin/HEAD[m[33m)[m[m
:[K[K [KESCESC[KOO[KBB[KAuthor: Rishav Agarwal <ra0182108@gmail.com>[m
:[K[K [KESCESC[KOO[KBB[KDate:   Fri Jul 21 15:58:34 2023 +0530[m
:[K[K [KESCESC[KOO[KBB[K[m
:[K[K [KESCESC[KOO[KBB[K    Initial commit[m
:[K[K [KESCESC[KOO[KBB[K[m
:[K[K [KESCESC[KOO[KBB[K README.md | 2 [32m++[m[m
:[K[K [KESCESC[KOO[KBB[K 1 file changed, 2 insertions(+)[m
:[K[K [KESCESC[KOO[KBB[K[K[7m(END)[27m[K[K [KESCESC[KOO[KBB[K[K[7m(END)[27m[K[K [KESCESC[KOO[KBB[K[K[7m(END)[27m[K[K [KESCESC[KOO[KBB[K[K[7m(END)[27m[K[K [KESCESC[KOO[KBB[K[K[7m(END)[27m[K[K [KESCESC[KOO[KBB[K[K[7m(END)[27m[K[K [KESCESC[KOO[KBB[K[K[7m(END)[27m[K[K [KESCESC[KOO[KBB[K[K[7m(END)[27m[K[K [KESCESC[KOO[KBB[K[K[7m(END)[27m[K[K [KESCESC[KOO[KBB[K[K[7m(END)[27m[K[K [KESCESC[KOO[KBB[K[K[7m(END)[27m[K[K [KESCESC[KOO[KBB[K[K[7m(END)[27m[K[K [KESCESC[KOO[KBB[K[K[7m(END)[27m[K[K [KESCESC[KOO[KBB[K[K[7m(END)[27m[K[K [KESCESC[KOO[KBB[K[K[7m(END)[27m[K[K [KESCESC[KOO[KBB[K[K[7m(END)[27m[K[K [KESCESC[KOO[KBB[K[K[7m(END)[27m[K[K [KESCESC[KOO[KBB[K[K[7m(END)[27m[K[K [KESCESC[KOO[KBB[K[K[7m(END)[27m[K[K [KESCESC[KOO[KBB[K[K[7m(END)[27m[K[K [KESCESC[KOO[KBB[K[K[7m(END)[27m[K[K[?1l>]0;asifreak@asifreak: /media/asifreak/TOOLS/github/personal/repo_21july/src[01;32masifreak@asifreak[00m:[01;34m/media/asifreak/TOOLS/github/personal/repo_21july/src[00m$ git sta tus
On branch main
Your branch is ahead of 'origin/main' by 8 commits.
  (use "git push" to publish your local commits)

Changes not staged for commit:
  (use "git add <file>..." to update what will be committed)
  (use "git restore <file>..." to discard changes in working directory)
	[31mmodified:   ../output.txt[m

no changes added to commit (use "git add" and/or "git commit -a")
]0;asifreak@asifreak: /media/asifreak/TOOLS/github/personal/repo_21july/src[01;32masifreak@asifreak[00m:[01;34m/media/asifreak/TOOLS/github/personal/repo_21july/src[00m$ git add  .
]0;asifreak@asifreak: /media/asifreak/TOOLS/github/personal/repo_21july/src[01;32masifreak@asifreak[00m:[01;34m/media/asifreak/TOOLS/github/personal/repo_21july/src[00m$ git com mit -m "change to d=s[K[K[K[K[K[K[Kd to see diff between 2 commit [K"
[main 8f3b964] changed to see diff between 2 commit
 1 file changed, 1 insertion(+), 1 deletion(-)
]0;asifreak@asifreak: /media/asifreak/TOOLS/github/personal/repo_21july/src[01;32masifreak@asifreak[00m:[01;34m/media/asifreak/TOOLS/github/personal/repo_21july/src[00m$ git log [A[C[C[C[C[C[C[C[C[C[C[C[C[C[C[C[C[C[C[C[C[C[C[C[C[C[C[C[C[C[C[C[C[C[C[C[C[C[C[C[C[C[C[C[C[C[C[C[C[C[C[C[C[C[C[C[C[C[C[C[C[C[C[C[C[C[C[C[C[C[C[C[C[C[C[C[C[C[C[C[Kg
[?1h=[33mcommit 8f3b9641d29c35874c210e6224ee0818a0f90d3a[m[33m ([m[1;36mHEAD -> [m[1;32mmain[m[33m)[m[m
Author: ElRishh <rishav.a.brudite@gmail.com>[m
Date:   Fri Jul 21 19:45:15 2023 +0530[m
[m
    changed to see diff between 2 commit[m
[m
[33mcommit add3d9c1888ac1df65a0eeed46e269229010c247[m[m
Author: ElRishh <rishav.a.brudite@gmail.com>[m
Date:   Fri Jul 21 19:39:20 2023 +0530[m
[m
    updated py file[m
[m
[33mcommit faa0285f925bd822b21ff5349e8ce29780de9c7e[m[m
Author: ElRishh <rishav.a.brudite@gmail.com>[m
Date:   Fri Jul 21 19:33:20 2023 +0530[m
[m
    rename with os command[m
[m
[33mcommit 50d3c33fd7ffaaf4235945073c5529993c6dad79[m[m
Author: ElRishh <rishav.a.brudite@gmail.com>[m
Date:   Fri Jul 21 19:02:45 2023 +0530[m
[m
    renamed py file[m
:[K[K[?1l>]0;asifreak@asifreak: /media/asifreak/TOOLS/github/personal/repo_21july/src[01;32masifreak@asifreak[00m:[01;34m/media/asifreak/TOOLS/github/personal/repo_21july/src[00m$ git dif f 8f3b..add3
[?1h=[1mdiff --git a/src/add2.py b/src/add2.py[m[m
[1mindex 5c2e257..fead086 100644[m[m
[1m--- a/src/add2.py[m[m
[1m+++ b/src/add2.py[m[m
[36m@@ -1,3 +1,3 @@[m[m
 a = 10[m[m
[31m-b = 20[m[m
[32m+[m[32mb = 9[m[m
 print(a+b)[m[m
\ No newline at end of file[m[m
[K[?1l>]0;asifreak@asifreak: /media/asifreak/TOOLS/github/personal/repo_21july/src[01;32masifreak@asifreak[00m:[01;34m/media/asifreak/TOOLS/github/personal/repo_21july/src[00m$ exit
exit

Script done on 2023-07-21 19:48:02+05:30 [COMMAND_EXIT_CODE="0"]
